// Jest Snapshot v1, https://goo.gl/fbAQLP

exports[`OverwrittenSessionPage renders as expected 1`] = `
<div
  class="css-1bipktx-fullScreenGraphicsMixinStyles-AuthenticationStatePage"
>
  <header
    class="css-8720cn-AuthenticationStatePage"
  >
    <div
      class="css-1a7zelw-AuthenticationStatePage"
    >
      <div
        class="euiSpacer euiSpacer--xxl emotion-euiSpacer-xxl"
      />
      <span
        class="css-18y6396-AuthenticationStatePage"
      >
        <span
          data-euiicon-type="logoElastic"
        />
      </span>
      <h1
        class="euiTitle emotion-euiTitle-l"
      >
        You previously logged in as a different user.
      </h1>
      <div
        class="euiSpacer euiSpacer--xl emotion-euiSpacer-xl"
      />
    </div>
  </header>
  <div
    class="css-1a7zelw-AuthenticationStatePage"
  >
    <a
      class="euiButton emotion-euiButtonDisplay-m-defaultMinWidth-base-primary"
      href="/mock-base-path/"
      rel="noreferrer"
    >
      <span
        class="emotion-euiButtonDisplayContent"
      >
        Continue as mock-user
      </span>
    </a>
  </div>
</div>
`;
