// Jest Snapshot v1, https://goo.gl/fbAQLP

exports[`AuthenticationStatePage renders 1`] = `
<div
  css="unknown styles"
>
  <header
    css="unknown styles"
  >
    <div
      css="unknown styles"
    >
      <EuiSpacer
        size="xxl"
      />
      <span
        css="unknown styles"
      >
        <EuiIcon
          size="xxl"
          type="logoElastic"
        />
      </span>
      <EuiTitle
        size="l"
      >
        <h1>
          foo
        </h1>
      </EuiTitle>
      <EuiSpacer
        size="xl"
      />
    </div>
  </header>
  <div
    css="unknown styles"
  >
    <span>
      hello world
    </span>
  </div>
</div>
`;
